// Jest Snapshot v1, https://goo.gl/fbAQLP

exports[`markup render correctly 1`] = `
<header>
  <uisearchbar-stub />
   
  <nav
    class="header-nav"
  >
    <uiheadernavsection-stub
      partners=""
      sections=""
    />
     
    <uiheadernavtopic-stub
      topics=""
    />
  </nav>
</header>
`;
