// Jest Snapshot v1, https://goo.gl/fbAQLP

exports[`markup render correctly 1`] = `
<section
  class="header-nav-topic"
>
  <div
    class="container"
  >
    <div
      class="topic-container"
    >
      <nuxt-link-stub
        class="topic topic--normal"
        to="/topic/5d8c26c23c4cad5f87630d37"
      >
        <h2>
          人造地獄
        </h2>
      </nuxt-link-stub>
    </div>
     
    <nuxt-link-stub
      class="topic"
      to="/section/topic"
    >
      <h2>
        更多
      </h2>
    </nuxt-link-stub>
     
    <div
      class="sub-brand-container"
    >
      <a
        href="https://voice.mirrorfiction.com/"
        target="_blank"
      >
        <img
          alt="鏡好聽"
          src="~/assets/mirrorvoice.png"
        />
      </a>
       
      <a
        href="https://www.mirrorfiction.com/"
        target="_blank"
      >
        <img
          alt="鏡文學"
          src="~/assets/mirrorfiction.png"
        />
      </a>
       
      <a
        href="https://www.readr.tw/"
        target="_blank"
      >
        <img
          alt="READr 讀+"
          src="~/assets/readrlogo-gary.png"
        />
      </a>
    </div>
  </div>
</section>
`;
